// Jest Snapshot v1, https://goo.gl/fbAQLP

exports[`Progress.vue render when created  1`] = `
<div
  class="lxp-progress lxp-progress--small"
>
  <div
    class="progress"
  >
    <div
      aria-valuemax="100"
      aria-valuemin="0"
      aria-valuenow="50"
      class="progress-bar bg-primary"
      role="progressbar"
      style="width: 50%;"
    />
  </div>
   
  <span
    class="lxp-progress__value"
  >
    50 %
  </span>
</div>
`;
